// Jest Snapshot v1, https://goo.gl/fbAQLP

exports[`Should render the balance component 1`] = `
<DocumentFragment>
  <div
    class="balance"
  >
    <span
      class="balance__amount"
    >
      12.000
    </span>
     
    <span
      class="balance__currency"
    >
      EUR
    </span>
  </div>
</DocumentFragment>
`;
