// Jest Snapshot v1, https://goo.gl/fbAQLP

exports[`Should render the rangePicker component 1`] = `
<DocumentFragment>
  <div
    class="range-picker"
  >
    <button
      class="range-picker__range"
    >
      1D
    </button>
    <button
      class="range-picker__range"
    >
      5D
    </button>
    <button
      class="range-picker__range"
    >
      1M
    </button>
    <button
      class="range-picker__range selected"
    >
      3M
    </button>
    <button
      class="range-picker__range"
    >
      6M
    </button>
  </div>
</DocumentFragment>
`;
